2026-06-17T18:11:08 | INFO     | __main__ | ========================================================================
2026-06-17T18:11:08 | INFO     | __main__ | NFL Coverage Responsibility — Feature Store ETL
2026-06-17T18:11:08 | INFO     | __main__ | ========================================================================
2026-06-17T18:11:08 | INFO     | __main__ | config: data_dir=data\raw output_dir=data\feature_store grid_res=1.0
2026-06-17T18:11:08 | INFO     | __main__ | Loading shared metadata...
2026-06-17T18:11:08 | INFO     | __main__ | Building field grid at 1.0 yd resolution...
2026-06-17T18:11:08 | INFO     | __main__ | Weeks to process: [1, 2, 3, 4, 5, 6, 7, 8]
2026-06-17T18:11:08 | INFO     | __main__ | ============================================================
2026-06-17T18:11:08 | INFO     | __main__ | Loading week1 tracking data: data\raw\week1.csv
2026-06-17T18:11:09 | INFO     | __main__ | week1: 16 game(s) to process
2026-06-17T18:11:09 | INFO     | __main__ | ------------------------------------------------------------
2026-06-17T18:11:09 | INFO     | __main__ | Processing game=2021090900 (week=1) ...
2026-06-17T18:12:13 | INFO     | __main__ | game=2021090900 | rows=30507 | plays=97 | elapsed=63.6s → data\feature_store\season=2022\week=01\game=2021090900\features.parquet
2026-06-17T18:12:13 | INFO     | __main__ | ------------------------------------------------------------
2026-06-17T18:12:13 | INFO     | __main__ | Processing game=2021091200 (week=1) ...
2026-06-17T18:12:56 | INFO     | __main__ | game=2021091200 | rows=23882 | plays=73 | elapsed=43.3s → data\feature_store\season=2022\week=01\game=2021091200\features.parquet
2026-06-17T18:12:56 | INFO     | __main__ | ------------------------------------------------------------
2026-06-17T18:12:56 | INFO     | __main__ | Processing game=2021091201 (week=1) ...
2026-06-17T18:13:44 | INFO     | __main__ | game=2021091201 | rows=27788 | plays=81 | elapsed=47.5s → data\feature_store\season=2022\week=01\game=2021091201\features.parquet
2026-06-17T18:13:44 | INFO     | __main__ | ------------------------------------------------------------
2026-06-17T18:13:44 | INFO     | __main__ | Processing game=2021091202 (week=1) ...
2026-06-17T18:14:23 | INFO     | __main__ | game=2021091202 | rows=22007 | plays=72 | elapsed=39.6s → data\feature_store\season=2022\week=01\game=2021091202\features.parquet
2026-06-17T18:14:23 | INFO     | __main__ | ------------------------------------------------------------
2026-06-17T18:14:23 | INFO     | __main__ | Processing game=2021091203 (week=1) ...
2026-06-17T18:15:04 | INFO     | __main__ | game=2021091203 | rows=21796 | plays=76 | elapsed=40.5s → data\feature_store\season=2022\week=01\game=2021091203\features.parquet
2026-06-17T18:15:04 | INFO     | __main__ | ------------------------------------------------------------
2026-06-17T18:15:04 | INFO     | __main__ | Processing game=2021091204 (week=1) ...
2026-06-17T18:15:53 | INFO     | __main__ | game=2021091204 | rows=26407 | plays=89 | elapsed=49.1s → data\feature_store\season=2022\week=01\game=2021091204\features.parquet
2026-06-17T18:15:53 | INFO     | __main__ | ------------------------------------------------------------
2026-06-17T18:15:53 | INFO     | __main__ | Processing game=2021091205 (week=1) ...
2026-06-17T18:16:38 | INFO     | __main__ | game=2021091205 | rows=25226 | plays=79 | elapsed=45.2s → data\feature_store\season=2022\week=01\game=2021091205\features.parquet
2026-06-17T18:16:38 | INFO     | __main__ | ------------------------------------------------------------
2026-06-17T18:16:38 | INFO     | __main__ | Processing game=2021091206 (week=1) ...
2026-06-17T18:17:15 | INFO     | __main__ | game=2021091206 | rows=21083 | plays=64 | elapsed=37.0s → data\feature_store\season=2022\week=01\game=2021091206\features.parquet
2026-06-17T18:17:15 | INFO     | __main__ | ------------------------------------------------------------
2026-06-17T18:17:15 | INFO     | __main__ | Processing game=2021091207 (week=1) ...
2026-06-17T18:17:56 | INFO     | __main__ | game=2021091207 | rows=24480 | plays=67 | elapsed=40.4s → data\feature_store\season=2022\week=01\game=2021091207\features.parquet
2026-06-17T18:17:56 | INFO     | __main__ | ------------------------------------------------------------
2026-06-17T18:17:56 | INFO     | __main__ | Processing game=2021091208 (week=1) ...
2026-06-17T18:18:34 | INFO     | __main__ | game=2021091208 | rows=21498 | plays=71 | elapsed=38.5s → data\feature_store\season=2022\week=01\game=2021091208\features.parquet
2026-06-17T18:18:34 | INFO     | __main__ | ------------------------------------------------------------
2026-06-17T18:18:34 | INFO     | __main__ | Processing game=2021091209 (week=1) ...
2026-06-17T18:19:11 | INFO     | __main__ | game=2021091209 | rows=19866 | plays=66 | elapsed=36.9s → data\feature_store\season=2022\week=01\game=2021091209\features.parquet
2026-06-17T18:19:11 | INFO     | __main__ | ------------------------------------------------------------
2026-06-17T18:19:11 | INFO     | __main__ | Processing game=2021091210 (week=1) ...
2026-06-17T18:19:44 | INFO     | __main__ | game=2021091210 | rows=19824 | plays=60 | elapsed=33.3s → data\feature_store\season=2022\week=01\game=2021091210\features.parquet
2026-06-17T18:19:45 | INFO     | __main__ | ------------------------------------------------------------
2026-06-17T18:19:45 | INFO     | __main__ | Processing game=2021091211 (week=1) ...
2026-06-17T18:20:13 | INFO     | __main__ | game=2021091211 | rows=16684 | plays=48 | elapsed=28.7s → data\feature_store\season=2022\week=01\game=2021091211\features.parquet
2026-06-17T18:20:13 | INFO     | __main__ | ------------------------------------------------------------
2026-06-17T18:20:13 | INFO     | __main__ | Processing game=2021091212 (week=1) ...
2026-06-17T18:20:59 | INFO     | __main__ | game=2021091212 | rows=27745 | plays=76 | elapsed=45.9s → data\feature_store\season=2022\week=01\game=2021091212\features.parquet
2026-06-17T18:20:59 | INFO     | __main__ | ------------------------------------------------------------
2026-06-17T18:20:59 | INFO     | __main__ | Processing game=2021091213 (week=1) ...
2026-06-17T18:21:35 | INFO     | __main__ | game=2021091213 | rows=21708 | plays=61 | elapsed=36.2s → data\feature_store\season=2022\week=01\game=2021091213\features.parquet
2026-06-17T18:21:35 | INFO     | __main__ | ------------------------------------------------------------
2026-06-17T18:21:35 | INFO     | __main__ | Processing game=2021091300 (week=1) ...
2026-06-17T18:22:35 | INFO     | __main__ | game=2021091300 | rows=33056 | plays=95 | elapsed=59.4s → data\feature_store\season=2022\week=01\game=2021091300\features.parquet
2026-06-17T18:22:35 | INFO     | __main__ | ============================================================
2026-06-17T18:22:35 | INFO     | __main__ | Loading week2 tracking data: data\raw\week2.csv
2026-06-17T18:22:36 | INFO     | __main__ | week2: 16 game(s) to process
2026-06-17T18:22:36 | INFO     | __main__ | ------------------------------------------------------------
2026-06-17T18:22:36 | INFO     | __main__ | Processing game=2021091600 (week=2) ...
2026-06-17T18:23:20 | INFO     | __main__ | game=2021091600 | rows=25314 | plays=80 | elapsed=44.3s → data\feature_store\season=2022\week=02\game=2021091600\features.parquet
2026-06-17T18:23:20 | INFO     | __main__ | ------------------------------------------------------------
2026-06-17T18:23:20 | INFO     | __main__ | Processing game=2021091900 (week=2) ...
2026-06-17T18:23:58 | INFO     | __main__ | game=2021091900 | rows=21385 | plays=65 | elapsed=37.9s → data\feature_store\season=2022\week=02\game=2021091900\features.parquet
2026-06-17T18:23:58 | INFO     | __main__ | ------------------------------------------------------------
2026-06-17T18:23:58 | INFO     | __main__ | Processing game=2021091901 (week=2) ...
2026-06-17T18:24:35 | INFO     | __main__ | game=2021091901 | rows=21452 | plays=65 | elapsed=37.3s → data\feature_store\season=2022\week=02\game=2021091901\features.parquet
2026-06-17T18:24:35 | INFO     | __main__ | ------------------------------------------------------------
2026-06-17T18:24:35 | INFO     | __main__ | Processing game=2021091902 (week=2) ...
2026-06-17T18:25:04 | INFO     | __main__ | game=2021091902 | rows=15771 | plays=52 | elapsed=29.0s → data\feature_store\season=2022\week=02\game=2021091902\features.parquet
2026-06-17T18:25:04 | INFO     | __main__ | ------------------------------------------------------------
2026-06-17T18:25:04 | INFO     | __main__ | Processing game=2021091903 (week=2) ...
2026-06-17T18:25:45 | INFO     | __main__ | game=2021091903 | rows=23053 | plays=64 | elapsed=41.0s → data\feature_store\season=2022\week=02\game=2021091903\features.parquet
2026-06-17T18:25:45 | INFO     | __main__ | ------------------------------------------------------------
2026-06-17T18:25:45 | INFO     | __main__ | Processing game=2021091904 (week=2) ...
2026-06-17T18:26:31 | INFO     | __main__ | game=2021091904 | rows=26776 | plays=70 | elapsed=45.1s → data\feature_store\season=2022\week=02\game=2021091904\features.parquet
2026-06-17T18:26:31 | INFO     | __main__ | ------------------------------------------------------------
2026-06-17T18:26:31 | INFO     | __main__ | Processing game=2021091905 (week=2) ...
2026-06-17T18:27:16 | INFO     | __main__ | game=2021091905 | rows=24768 | plays=75 | elapsed=45.2s → data\feature_store\season=2022\week=02\game=2021091905\features.parquet
2026-06-17T18:27:16 | INFO     | __main__ | ------------------------------------------------------------
2026-06-17T18:27:16 | INFO     | __main__ | Processing game=2021091906 (week=2) ...
2026-06-17T18:27:56 | INFO     | __main__ | game=2021091906 | rows=22850 | plays=65 | elapsed=40.5s → data\feature_store\season=2022\week=02\game=2021091906\features.parquet
2026-06-17T18:27:56 | INFO     | __main__ | ------------------------------------------------------------
2026-06-17T18:27:56 | INFO     | __main__ | Processing game=2021091907 (week=2) ...
2026-06-17T18:28:26 | INFO     | __main__ | game=2021091907 | rows=15596 | plays=52 | elapsed=29.7s → data\feature_store\season=2022\week=02\game=2021091907\features.parquet
2026-06-17T18:28:26 | INFO     | __main__ | ------------------------------------------------------------
2026-06-17T18:28:26 | INFO     | __main__ | Processing game=2021091908 (week=2) ...
2026-06-17T18:29:06 | INFO     | __main__ | game=2021091908 | rows=22832 | plays=74 | elapsed=39.7s → data\feature_store\season=2022\week=02\game=2021091908\features.parquet
2026-06-17T18:29:06 | INFO     | __main__ | ------------------------------------------------------------
2026-06-17T18:29:06 | INFO     | __main__ | Processing game=2021091909 (week=2) ...
2026-06-17T18:29:41 | INFO     | __main__ | game=2021091909 | rows=20553 | plays=59 | elapsed=35.5s → data\feature_store\season=2022\week=02\game=2021091909\features.parquet
2026-06-17T18:29:41 | INFO     | __main__ | ------------------------------------------------------------
2026-06-17T18:29:41 | INFO     | __main__ | Processing game=2021091910 (week=2) ...
2026-06-17T18:30:27 | INFO     | __main__ | game=2021091910 | rows=26499 | plays=85 | elapsed=45.5s → data\feature_store\season=2022\week=02\game=2021091910\features.parquet
2026-06-17T18:30:27 | INFO     | __main__ | ------------------------------------------------------------
2026-06-17T18:30:27 | INFO     | __main__ | Processing game=2021091911 (week=2) ...
2026-06-17T18:31:08 | INFO     | __main__ | game=2021091911 | rows=23505 | plays=69 | elapsed=40.8s → data\feature_store\season=2022\week=02\game=2021091911\features.parquet
2026-06-17T18:31:08 | INFO     | __main__ | ------------------------------------------------------------
2026-06-17T18:31:08 | INFO     | __main__ | Processing game=2021091912 (week=2) ...
2026-06-17T18:31:52 | INFO     | __main__ | game=2021091912 | rows=26028 | plays=76 | elapsed=44.7s → data\feature_store\season=2022\week=02\game=2021091912\features.parquet
2026-06-17T18:31:52 | INFO     | __main__ | ------------------------------------------------------------
2026-06-17T18:31:52 | INFO     | __main__ | Processing game=2021091913 (week=2) ...
2026-06-17T18:32:26 | INFO     | __main__ | game=2021091913 | rows=19292 | plays=56 | elapsed=33.6s → data\feature_store\season=2022\week=02\game=2021091913\features.parquet
2026-06-17T18:32:26 | INFO     | __main__ | ------------------------------------------------------------
2026-06-17T18:32:26 | INFO     | __main__ | Processing game=2021092000 (week=2) ...
2026-06-17T18:33:04 | INFO     | __main__ | game=2021092000 | rows=23259 | plays=60 | elapsed=38.0s → data\feature_store\season=2022\week=02\game=2021092000\features.parquet
2026-06-17T18:33:04 | INFO     | __main__ | ============================================================
2026-06-17T18:33:04 | INFO     | __main__ | Loading week3 tracking data: data\raw\week3.csv
2026-06-17T18:33:05 | INFO     | __main__ | week3: 16 game(s) to process
2026-06-17T18:33:05 | INFO     | __main__ | ------------------------------------------------------------
2026-06-17T18:33:05 | INFO     | __main__ | Processing game=2021092300 (week=3) ...
2026-06-17T18:33:44 | INFO     | __main__ | game=2021092300 | rows=20821 | plays=68 | elapsed=38.8s → data\feature_store\season=2022\week=03\game=2021092300\features.parquet
2026-06-17T18:33:44 | INFO     | __main__ | ------------------------------------------------------------
2026-06-17T18:33:44 | INFO     | __main__ | Processing game=2021092600 (week=3) ...
2026-06-17T18:34:29 | INFO     | __main__ | game=2021092600 | rows=24011 | plays=74 | elapsed=44.9s → data\feature_store\season=2022\week=03\game=2021092600\features.parquet
2026-06-17T18:34:29 | INFO     | __main__ | ------------------------------------------------------------
2026-06-17T18:34:29 | INFO     | __main__ | Processing game=2021092601 (week=3) ...
2026-06-17T18:35:09 | INFO     | __main__ | game=2021092601 | rows=22438 | plays=63 | elapsed=39.9s → data\feature_store\season=2022\week=03\game=2021092601\features.parquet
2026-06-17T18:35:09 | INFO     | __main__ | ------------------------------------------------------------
2026-06-17T18:35:09 | INFO     | __main__ | Processing game=2021092602 (week=3) ...
2026-06-17T18:36:01 | INFO     | __main__ | game=2021092602 | rows=29469 | plays=68 | elapsed=51.7s → data\feature_store\season=2022\week=03\game=2021092602\features.parquet
2026-06-17T18:36:01 | INFO     | __main__ | ------------------------------------------------------------
2026-06-17T18:36:01 | INFO     | __main__ | Processing game=2021092603 (week=3) ...
2026-06-17T18:36:40 | INFO     | __main__ | game=2021092603 | rows=23430 | plays=62 | elapsed=39.3s → data\feature_store\season=2022\week=03\game=2021092603\features.parquet
2026-06-17T18:36:40 | INFO     | __main__ | ------------------------------------------------------------
2026-06-17T18:36:40 | INFO     | __main__ | Processing game=2021092604 (week=3) ...
2026-06-17T18:37:30 | INFO     | __main__ | game=2021092604 | rows=29056 | plays=81 | elapsed=50.3s → data\feature_store\season=2022\week=03\game=2021092604\features.parquet
2026-06-17T18:37:30 | INFO     | __main__ | ------------------------------------------------------------
2026-06-17T18:37:30 | INFO     | __main__ | Processing game=2021092605 (week=3) ...
2026-06-17T18:38:16 | INFO     | __main__ | game=2021092605 | rows=25932 | plays=77 | elapsed=45.3s → data\feature_store\season=2022\week=03\game=2021092605\features.parquet
2026-06-17T18:38:16 | INFO     | __main__ | ------------------------------------------------------------
2026-06-17T18:38:16 | INFO     | __main__ | Processing game=2021092606 (week=3) ...
2026-06-17T18:39:45 | INFO     | __main__ | game=2021092606 | rows=28359 | plays=76 | elapsed=89.7s → data\feature_store\season=2022\week=03\game=2021092606\features.parquet
2026-06-17T18:39:45 | INFO     | __main__ | ------------------------------------------------------------
2026-06-17T18:39:45 | INFO     | __main__ | Processing game=2021092607 (week=3) ...
2026-06-17T18:41:11 | INFO     | __main__ | game=2021092607 | rows=21610 | plays=76 | elapsed=85.8s → data\feature_store\season=2022\week=03\game=2021092607\features.parquet
2026-06-17T18:41:11 | INFO     | __main__ | ------------------------------------------------------------
2026-06-17T18:41:11 | INFO     | __main__ | Processing game=2021092608 (week=3) ...
2026-06-17T18:42:21 | INFO     | __main__ | game=2021092608 | rows=19264 | plays=60 | elapsed=69.6s → data\feature_store\season=2022\week=03\game=2021092608\features.parquet
2026-06-17T18:42:21 | INFO     | __main__ | ------------------------------------------------------------
2026-06-17T18:42:21 | INFO     | __main__ | Processing game=2021092609 (week=3) ...
2026-06-17T18:43:44 | INFO     | __main__ | game=2021092609 | rows=21440 | plays=62 | elapsed=83.4s → data\feature_store\season=2022\week=03\game=2021092609\features.parquet
2026-06-17T18:43:44 | INFO     | __main__ | ------------------------------------------------------------
2026-06-17T18:43:44 | INFO     | __main__ | Processing game=2021092610 (week=3) ...
2026-06-17T18:45:42 | INFO     | __main__ | game=2021092610 | rows=30284 | plays=97 | elapsed=117.9s → data\feature_store\season=2022\week=03\game=2021092610\features.parquet
2026-06-17T18:45:42 | INFO     | __main__ | ------------------------------------------------------------
2026-06-17T18:45:42 | INFO     | __main__ | Processing game=2021092611 (week=3) ...
2026-06-17T18:47:24 | INFO     | __main__ | game=2021092611 | rows=28278 | plays=81 | elapsed=101.8s → data\feature_store\season=2022\week=03\game=2021092611\features.parquet
2026-06-17T18:47:24 | INFO     | __main__ | ------------------------------------------------------------
2026-06-17T18:47:24 | INFO     | __main__ | Processing game=2021092612 (week=3) ...
2026-06-17T18:48:39 | INFO     | __main__ | game=2021092612 | rows=18937 | plays=62 | elapsed=74.7s → data\feature_store\season=2022\week=03\game=2021092612\features.parquet
2026-06-17T18:48:39 | INFO     | __main__ | ------------------------------------------------------------
2026-06-17T18:48:39 | INFO     | __main__ | Processing game=2021092613 (week=3) ...
2026-06-17T18:49:40 | INFO     | __main__ | game=2021092613 | rows=22861 | plays=69 | elapsed=61.5s → data\feature_store\season=2022\week=03\game=2021092613\features.parquet
2026-06-17T18:49:40 | INFO     | __main__ | ------------------------------------------------------------
2026-06-17T18:49:40 | INFO     | __main__ | Processing game=2021092700 (week=3) ...
2026-06-17T18:50:20 | INFO     | __main__ | game=2021092700 | rows=21667 | plays=65 | elapsed=39.7s → data\feature_store\season=2022\week=03\game=2021092700\features.parquet
2026-06-17T18:50:20 | INFO     | __main__ | ============================================================
2026-06-17T18:50:20 | INFO     | __main__ | Loading week4 tracking data: data\raw\week4.csv
2026-06-17T18:50:21 | INFO     | __main__ | week4: 16 game(s) to process
2026-06-17T18:50:21 | INFO     | __main__ | ------------------------------------------------------------
2026-06-17T18:50:21 | INFO     | __main__ | Processing game=2021093000 (week=4) ...
2026-06-17T18:50:55 | INFO     | __main__ | game=2021093000 | rows=18730 | plays=53 | elapsed=33.7s → data\feature_store\season=2022\week=04\game=2021093000\features.parquet
2026-06-17T18:50:55 | INFO     | __main__ | ------------------------------------------------------------
2026-06-17T18:50:55 | INFO     | __main__ | Processing game=2021100300 (week=4) ...
2026-06-17T18:51:42 | INFO     | __main__ | game=2021100300 | rows=25784 | plays=78 | elapsed=47.0s → data\feature_store\season=2022\week=04\game=2021100300\features.parquet
2026-06-17T18:51:42 | INFO     | __main__ | ------------------------------------------------------------
2026-06-17T18:51:42 | INFO     | __main__ | Processing game=2021100301 (week=4) ...
2026-06-17T18:52:11 | INFO     | __main__ | game=2021100301 | rows=14924 | plays=47 | elapsed=29.5s → data\feature_store\season=2022\week=04\game=2021100301\features.parquet
2026-06-17T18:52:11 | INFO     | __main__ | ------------------------------------------------------------
2026-06-17T18:52:11 | INFO     | __main__ | Processing game=2021100302 (week=4) ...
2026-06-17T18:52:50 | INFO     | __main__ | game=2021100302 | rows=23311 | plays=60 | elapsed=39.3s → data\feature_store\season=2022\week=04\game=2021100302\features.parquet
2026-06-17T18:52:50 | INFO     | __main__ | ------------------------------------------------------------
2026-06-17T18:52:50 | INFO     | __main__ | Processing game=2021100303 (week=4) ...
2026-06-17T18:53:28 | INFO     | __main__ | game=2021100303 | rows=19257 | plays=68 | elapsed=38.0s → data\feature_store\season=2022\week=04\game=2021100303\features.parquet
2026-06-17T18:53:28 | INFO     | __main__ | ------------------------------------------------------------
2026-06-17T18:53:28 | INFO     | __main__ | Processing game=2021100304 (week=4) ...
2026-06-17T18:54:10 | INFO     | __main__ | game=2021100304 | rows=22174 | plays=65 | elapsed=41.6s → data\feature_store\season=2022\week=04\game=2021100304\features.parquet
2026-06-17T18:54:10 | INFO     | __main__ | ------------------------------------------------------------
2026-06-17T18:54:10 | INFO     | __main__ | Processing game=2021100305 (week=4) ...
2026-06-17T18:54:53 | INFO     | __main__ | game=2021100305 | rows=22007 | plays=75 | elapsed=42.8s → data\feature_store\season=2022\week=04\game=2021100305\features.parquet
2026-06-17T18:54:53 | INFO     | __main__ | ------------------------------------------------------------
2026-06-17T18:54:53 | INFO     | __main__ | Processing game=2021100306 (week=4) ...
2026-06-17T18:55:31 | INFO     | __main__ | game=2021100306 | rows=20347 | plays=61 | elapsed=38.0s → data\feature_store\season=2022\week=04\game=2021100306\features.parquet
2026-06-17T18:55:31 | INFO     | __main__ | ------------------------------------------------------------
2026-06-17T18:55:31 | INFO     | __main__ | Processing game=2021100307 (week=4) ...
2026-06-17T18:56:21 | INFO     | __main__ | game=2021100307 | rows=26988 | plays=86 | elapsed=50.3s → data\feature_store\season=2022\week=04\game=2021100307\features.parquet
2026-06-17T18:56:21 | INFO     | __main__ | ------------------------------------------------------------
2026-06-17T18:56:21 | INFO     | __main__ | Processing game=2021100308 (week=4) ...
2026-06-17T18:57:03 | INFO     | __main__ | game=2021100308 | rows=21369 | plays=72 | elapsed=41.9s → data\feature_store\season=2022\week=04\game=2021100308\features.parquet
2026-06-17T18:57:03 | INFO     | __main__ | ------------------------------------------------------------
2026-06-17T18:57:03 | INFO     | __main__ | Processing game=2021100309 (week=4) ...
2026-06-17T18:57:51 | INFO     | __main__ | game=2021100309 | rows=28061 | plays=76 | elapsed=47.9s → data\feature_store\season=2022\week=04\game=2021100309\features.parquet
2026-06-17T18:57:51 | INFO     | __main__ | ------------------------------------------------------------
2026-06-17T18:57:51 | INFO     | __main__ | Processing game=2021100310 (week=4) ...
2026-06-17T18:58:29 | INFO     | __main__ | game=2021100310 | rows=19745 | plays=65 | elapsed=37.9s → data\feature_store\season=2022\week=04\game=2021100310\features.parquet
2026-06-17T18:58:29 | INFO     | __main__ | ------------------------------------------------------------
2026-06-17T18:58:29 | INFO     | __main__ | Processing game=2021100311 (week=4) ...
